pincode,customer_id,delivered_item_count,delivered_item_amount,return_item_amount,return_item_count,ts,city_tier
534002,26DB924448A71D0,0,0,0,0,1651343400000,Tier 3 & Others
534002,26DB924448A71D0,0,0,0,0,1640975400000,Tier 3 & Others
534002,26DB924448A71D0,0,0,0,0,1619807400000,Tier 3 & Others
534002,26DB924448A71D0,0,0,0,0,1601490600000,Tier 3 & Others
534002,26DB924448A71D0,0,0,0,0,1633026600000,Tier 3 & Others
534002,26DB924448A71D0,1,598000,0,0,1635705000000,Tier 3 & Others
534002,26DB924448A71D0,0,0,913100,1,1640975400000,Tier 3 & Others
534002,26DB924448A71D0,0,0,0,0,1619807400000,Tier 3 & Others
534002,26DB924448A71D0,1,715300,0,0,1638297000000,Tier 3 & Others
534002,26DB924448A71D0,0,0,0,0,1619807400000,Tier 3 & Others
534002,26DB924448A71D0,1,913100,0,0,1640975400000,Tier 3 & Others
534002,26DB924448A71D0,0,0,0,0,1601490600000,Tier 3 & Others
534002,26DB924448A71D0,0,0,0,0,1619807400000,Tier 3 & Others
534002,26DB924448A71D0,1,779700,0,0,1619807400000,Tier 3 & Others
534002,26DB924448A71D0,0,0,0,0,1635705000000,Tier 3 & Others
534002,26DB924448A71D0,0,0,0,0,1614537000000,Tier 3 & Others
110013,26DB924DE8BCDF3,0,0,0,0,1640975400000,Metro
110013,26DB924DE8BCDF3,0,0,0,0,1640975400000,Metro
110013,26DB924DE8BCDF3,1,17362700,0,0,1640975400000,Metro
110013,26DB924DE8BCDF3,0,0,0,0,1640975400000,Metro
110013,26DB924DE8BCDF3,1,17362700,0,0,1640975400000,Metro
110013,26DB924DE8BCDF3,1,17362700,0,0,1640975400000,Metro
522201,26DB934B748E14D,1,706100,0,0,1575138600000,Tier 3 & Others
531021,26DB9443D29523A,0,0,448500,1,1651343400000,Tier 1B
531021,26DB9443D29523A,0,0,0,0,1648751400000,Tier 1B
531033,26DB9443D29523A,0,0,0,0,1609439400000,Tier 3 & Others
531021,26DB9443D29523A,0,0,0,0,1648751400000,Tier 1B
531021,26DB9443D29523A,0,0,0,0,1648751400000,Tier 1B
531021,26DB9443D29523A,0,0,296700,1,1648751400000,Tier 1B
531033,26DB9443D29523A,0,0,0,0,1609439400000,Tier 3 & Others
531033,26DB9443D29523A,0,0,0,0,1609439400000,Tier 3 & Others
524322,26DB9542D3A90CD,0,0,0,0,1638297000000,Tier 2
530027,26DB9542D3A90CD,3,4307900,0,0,1633026600000,Tier 1B
530027,26DB9542D3A90CD,19,4250400,0,0,1646073000000,Tier 1B
530027,26DB9542D3A90CD,43,6290500,0,0,1651343400000,Tier 1B
530027,26DB9542D3A90CD,2,4843800,0,0,1633026600000,Tier 1B
530027,26DB9542D3A90CD,1,1189100,0,0,1633026600000,Tier 1B
530027,26DB9542D3A90CD,1,80500,0,0,1651343400000,Tier 1B
530028,26DB9542D3A90CD,31,6299700,0,0,1654021800000,Tier 1B
110027,26DB954AA9A9D02,1,683100,0,0,1612117800000,Metro
110053,26DB964A84BFE53,1,2297700,0,0,1622485800000,Metro
533002,26DB984E9082F18,0,0,687700,1,1651343400000,Tier 3 & Others
533002,26DB984E9082F18,1,687700,0,0,1643653800000,Tier 3 & Others
533002,26DB984E9082F18,1,1044200,0,0,1651343400000,Tier 3 & Others
533002,26DB984E9082F18,2,2254000,0,0,1656613800000,Tier 3 & Others
533002,26DB984E9082F18,1,853300,0,0,1643653800000,Tier 3 & Others
533002,26DB984E9082F18,1,609500,0,0,1654021800000,Tier 3 & Others
533002,26DB984E9082F18,1,687700,0,0,1651343400000,Tier 3 & Others
533002,26DB984E9082F18,1,874000,0,0,1604169000000,Tier 3 & Others
533002,26DB984E9082F18,1,457700,0,0,1651343400000,Tier 3 & Others
110034,26DB9A4CB7BD653,0,0,0,0,1643653800000,Metro
110034,26DB9A4CB7BD653,0,0,0,0,1643653800000,Metro
518422,26DB9B418FBCAF9,1,1653700,0,0,1601490600000,Tier 3 & Others
518422,26DB9B418FBCAF9,1,917700,0,0,1633026600000,Tier 3 & Others
518422,26DB9B418FBCAF9,1,434700,0,0,1601490600000,Tier 3 & Others
518422,26DB9B418FBCAF9,1,540500,0,0,1609439400000,Tier 3 & Others
518422,26DB9B418FBCAF9,1,1260400,0,0,1630434600000,Tier 3 & Others
518422,26DB9B418FBCAF9,1,644000,0,0,1651343400000,Tier 3 & Others
518422,26DB9B418FBCAF9,1,699200,0,0,1601490600000,Tier 3 & Others
518422,26DB9B418FBCAF9,1,515200,0,0,1601490600000,Tier 3 & Others
518422,26DB9B418FBCAF9,1,466900,0,0,1601490600000,Tier 3 & Others
518422,26DB9B418FBCAF9,1,1837700,0,0,1596220200000,Tier 3 & Others
518422,26DB9B418FBCAF9,1,1584700,0,0,1598898600000,Tier 3 & Others
518422,26DB9B418FBCAF9,1,614100,0,0,1601490600000,Tier 3 & Others
518422,26DB9B418FBCAF9,1,462300,0,0,1609439400000,Tier 3 & Others
518422,26DB9B418FBCAF9,1,901600,0,0,1601490600000,Tier 3 & Others
518422,26DB9B418FBCAF9,1,880900,0,0,1569868200000,Tier 3 & Others
518422,26DB9B418FBCAF9,1,706100,0,0,1580495400000,Tier 3 & Others
518422,26DB9B418FBCAF9,1,917700,0,0,1569868200000,Tier 3 & Others
518422,26DB9B418FBCAF9,1,986700,0,0,1593541800000,Tier 3 & Others
518422,26DB9B418FBCAF9,0,0,0,0,1593541800000,Tier 3 & Others
518422,26DB9B418FBCAF9,1,807300,0,0,1580495400000,Tier 3 & Others
518422,26DB9B418FBCAF9,1,690000,0,0,1580495400000,Tier 3 & Others
518422,26DB9B418FBCAF9,1,920000,0,0,1580495400000,Tier 3 & Others
518422,26DB9B418FBCAF9,0,0,0,0,1598898600000,Tier 3 & Others
518422,26DB9B418FBCAF9,1,2987700,0,0,1601490600000,Tier 3 & Others
518422,26DB9B418FBCAF9,1,897000,0,0,1583001000000,Tier 3 & Others
518422,26DB9B418FBCAF9,1,2090700,0,0,1583001000000,Tier 3 & Others
518422,26DB9B418FBCAF9,1,1741100,0,0,1598898600000,Tier 3 & Others
518422,26DB9B418FBCAF9,1,1897500,0,0,1593541800000,Tier 3 & Others
518422,26DB9B418FBCAF9,1,464600,0,0,1604169000000,Tier 3 & Others
518422,26DB9B418FBCAF9,1,524400,0,0,1622485800000,Tier 3 & Others
518422,26DB9B418FBCAF9,1,414000,0,0,1598898600000,Tier 3 & Others
518422,26DB9B418FBCAF9,1,917700,0,0,1654021800000,Tier 3 & Others
518422,26DB9B418FBCAF9,1,593400,0,0,1601490600000,Tier 3 & Others
518422,26DB9B418FBCAF9,1,308200,0,0,1609439400000,Tier 3 & Others
518422,26DB9B418FBCAF9,1,1237400,0,0,1609439400000,Tier 3 & Others
518422,26DB9B418FBCAF9,1,2067700,0,0,1601490600000,Tier 3 & Others
518422,26DB9B418FBCAF9,0,0,0,0,1617215400000,Tier 3 & Others
518422,26DB9B418FBCAF9,1,549700,0,0,1580495400000,Tier 3 & Others
531024,26DB9B48DDA559B,1,368000,0,0,1654021800000,Tier 3 & Others
522002,26DB9B4D538830F,0,0,0,0,1580495400000,Tier 2
522004,26DB9B4D538830F,1,662400,0,0,1606761000000,Tier 2
522002,26DB9B4D538830F,0,0,0,0,1596220200000,Tier 2
522004,26DB9B4D538830F,1,938400,0,0,1619807400000,Tier 2
522002,26DB9B4D538830F,1,779700,0,0,1580495400000,Tier 2
522004,26DB9B4D538830F,1,308200,0,0,1614537000000,Tier 2
522002,26DB9B4D538830F,1,779700,0,0,1598898600000,Tier 2
522004,26DB9B4D538830F,0,0,0,0,1614537000000,Tier 2
522002,26DB9B4D538830F,0,0,0,0,1596220200000,Tier 2
522004,26DB9B4D538830F,0,0,0,0,1619807400000,Tier 2
522004,26DB9B4D538830F,0,0,0,0,1617215400000,Tier 2
522002,26DB9B4D538830F,1,779700,0,0,1580495400000,Tier 2
522004,26DB9B4D538830F,1,1239700,0,0,1625077800000,Tier 2
522002,26DB9B4D538830F,0,0,0,0,1598898600000,Tier 2
522004,26DB9B4D538830F,1,427800,0,0,1609439400000,Tier 2
522004,26DB9B4D538830F,1,1308700,0,0,1614537000000,Tier 2
522004,26DB9B4D538830F,1,1354700,0,0,1612117800000,Tier 2
522002,26DB9B4D538830F,1,667000,0,0,1572546600000,Tier 2
522002,26DB9B4D538830F,0,0,0,0,1596220200000,Tier 2
522004,26DB9B4D538830F,0,0,0,0,1619807400000,Tier 2
522004,26DB9B4D538830F,0,0,0,0,1604169000000,Tier 2
110025,26DB9C4229A348D,1,986700,0,0,1633026600000,Metro
518501,26DB9D49629B1B3,0,0,0,0,1619807400000,Tier 3 & Others
515110,26DB9D49629B1B3,1,301300,0,0,1601490600000,Tier 3 & Others
518501,26DB9D49629B1B3,1,1012000,0,0,1598898600000,Tier 3 & Others
515110,26DB9D49629B1B3,1,1170700,0,0,1596220200000,Tier 3 & Others
518501,26DB9D49629B1B3,0,0,0,0,1569868200000,Tier 3 & Others
518501,26DB9D49629B1B3,1,1138500,0,0,1619807400000,Tier 3 & Others
518501,26DB9D49629B1B3,1,1009700,0,0,1619807400000,Tier 3 & Others
518501,26DB9D49629B1B3,0,0,0,0,1577817000000,Tier 3 & Others
518501,26DB9D49629B1B3,1,1193700,0,0,1635705000000,Tier 3 & Others
515110,26DB9D49629B1B3,0,0,0,0,1606761000000,Tier 3 & Others
515110,26DB9D49629B1B3,1,17247700,0,0,1596220200000,Tier 3 & Others
518501,26DB9D49629B1B3,0,0,0,0,1635705000000,Tier 3 & Others
515110,26DB9D49629B1B3,0,0,0,0,1604169000000,Tier 3 & Others
515110,26DB9D49629B1B3,1,3047500,0,0,1596220200000,Tier 3 & Others
522005,26DB9E40D4A82B3,1,510600,0,0,1638297000000,Tier 2
509301,26DB9E444CAD57B,1,706100,0,0,1593541800000,Tier 3 & Others
509301,26DB9E444CAD57B,1,630200,0,0,1601490600000,Tier 3 & Others
509301,26DB9E444CAD57B,1,552000,0,0,1590949800000,Tier 3 & Others
520003,26DBA049AEA63EF,0,0,0,0,1596220200000,Tier 1B
520003,26DBA049AEA63EF,0,0,0,0,1593541800000,Tier 1B
520013,26DBA2432BB1142,1,1511100,0,0,1572546600000,Tier 1B
520010,26DBA2432BB1142,1,2290800,0,0,1593541800000,Tier 1B
520007,26DBA3415792F14,0,0,2987700,1,1648751400000,Tier 1B
520007,26DBA3415792F14,0,0,0,0,1648751400000,Tier 1B
520007,26DBA3415792F14,0,0,2987700,1,1648751400000,Tier 1B
520007,26DBA3415792F14,0,0,2987700,1,1640975400000,Tier 1B
534201,26DBA3480081B63,0,0,3321200,1,1651343400000,Tier 3 & Others
534201,26DBA3480081B63,1,618700,0,0,1654021800000,Tier 3 & Others
534201,26DBA3480081B63,0,0,0,0,1651343400000,Tier 3 & Others
534201,26DBA3480081B63,0,0,0,0,1651343400000,Tier 3 & Others
534201,26DBA3480081B63,1,480700,0,0,1654021800000,Tier 3 & Others
110046,26DBA445B5958B2,1,4597700,0,0,1625077800000,Metro
110046,26DBA445B5958B2,1,501400,0,0,1596220200000,Metro
522301,26DBA74F40A0339,1,8047700,0,0,1601490600000,Tier 2
522301,26DBA74F40A0339,0,0,0,0,1619807400000,Tier 2
522301,26DBA74F40A0339,1,1051100,0,0,1604169000000,Tier 2
522301,26DBA74F40A0339,1,1492700,0,0,1640975400000,Tier 2
522301,26DBA74F40A0339,1,17247700,0,0,1633026600000,Tier 2
520001,26DBA84E3FA171F,3,2822100,0,0,1625077800000,Tier 1B
520001,26DBA84E3FA171F,1,1699700,0,0,1643653800000,Tier 1B
517501,26DBA9412596710,14,1685900,0,0,1625077800000,Tier 3 & Others
517501,26DBA9412596710,2,1373100,0,0,1630434600000,Tier 3 & Others
517501,26DBA9412596710,1,745200,0,0,1633026600000,Tier 3 & Others
517501,26DBA9412596710,1,2240200,0,0,1590949800000,Tier 3 & Others
517501,26DBA9412596710,0,0,0,0,1630434600000,Tier 3 & Others
517501,26DBA9412596710,1,519800,0,0,1651343400000,Tier 3 & Others
517501,26DBA9412596710,0,0,0,0,1646073000000,Tier 3 & Others
533255,26DBAB47D59E42C,0,0,0,0,1604169000000,Tier 3 & Others
533255,26DBAB47D59E42C,0,0,0,0,1569868200000,Tier 3 & Others
533255,26DBAB47D59E42C,0,0,0,0,1604169000000,Tier 3 & Others
533255,26DBAB47D59E42C,0,0,0,0,1630434600000,Tier 3 & Others
533255,26DBAB47D59E42C,0,0,0,0,1604169000000,Tier 3 & Others
533255,26DBAB47D59E42C,0,0,0,0,1604169000000,Tier 3 & Others
533255,26DBAB47D59E42C,1,4597700,0,0,1630434600000,Tier 3 & Others
533255,26DBAB47D59E42C,0,0,0,0,1604169000000,Tier 3 & Others
533255,26DBAB47D59E42C,0,0,0,0,1604169000000,Tier 3 & Others
533255,26DBAB47D59E42C,0,0,0,0,1604169000000,Tier 3 & Others
533255,26DBAB47D59E42C,0,0,0,0,1604169000000,Tier 3 & Others
533255,26DBAB47D59E42C,0,0,0,0,1604169000000,Tier 3 & Others
533255,26DBAB47D59E42C,0,0,0,0,1604169000000,Tier 3 & Others
533255,26DBAB47D59E42C,0,0,0,0,1604169000000,Tier 3 & Others
533255,26DBAB47D59E42C,0,0,0,0,1604169000000,Tier 3 & Others
533255,26DBAB47D59E42C,0,0,0,0,1604169000000,Tier 3 & Others
533255,26DBAB47D59E42C,0,0,0,0,1604169000000,Tier 3 & Others
533255,26DBAB47D59E42C,0,0,0,0,1604169000000,Tier 3 & Others
533255,26DBAB47D59E42C,0,0,0,0,1604169000000,Tier 3 & Others
533255,26DBAB47D59E42C,0,0,0,0,1604169000000,Tier 3 & Others
533255,26DBAB47D59E42C,0,0,0,0,1604169000000,Tier 3 & Others
533255,26DBAB47D59E42C,0,0,0,0,1604169000000,Tier 3 & Others
533255,26DBAB47D59E42C,0,0,0,0,1604169000000,Tier 3 & Others
533255,26DBAB47D59E42C,0,0,0,0,1604169000000,Tier 3 & Others
533255,26DBAB47D59E42C,0,0,0,0,1604169000000,Tier 3 & Others
533255,26DBAB47D59E42C,0,0,0,0,1604169000000,Tier 3 & Others
533255,26DBAB47D59E42C,0,0,0,0,1638297000000,Tier 3 & Others
110033,26DBAB4EC78DC01,0,0,0,0,1640975400000,Metro
110033,26DBAB4EC78DC01,0,0,664700,1,1640975400000,Metro
110033,26DBAB4EC78DC01,1,556600,0,0,1640975400000,Metro
110033,26DBAB4EC78DC01,0,0,687700,1,1640975400000,Metro
110033,26DBAB4EC78DC01,0,0,572700,1,1640975400000,Metro
518502,26DBAD4257A07AB,0,0,0,0,1609439400000,Tier 3 & Others
518502,26DBAD4257A07AB,1,545100,0,0,1614537000000,Tier 3 & Others
518502,26DBAD4257A07AB,1,669300,0,0,1614537000000,Tier 3 & Others
518502,26DBAD4257A07AB,1,618700,0,0,1614537000000,Tier 3 & Others
518502,26DBAD4257A07AB,0,0,0,0,1633026600000,Tier 3 & Others
518502,26DBAD4257A07AB,0,0,0,0,1619807400000,Tier 3 & Others
518502,26DBAD4257A07AB,0,0,0,0,1609439400000,Tier 3 & Others
524305,26DBAD492094C7A,1,356500,0,0,1638297000000,Tier 2
524305,26DBAD492094C7A,0,0,0,0,1606761000000,Tier 2
524305,26DBAD492094C7A,0,0,0,0,1569868200000,Tier 2
524305,26DBAD492094C7A,0,0,0,0,1569868200000,Tier 2
524305,26DBAD492094C7A,0,0,0,0,1627756200000,Tier 2
524305,26DBAD492094C7A,1,5738500,0,0,1627756200000,Tier 2
524305,26DBAD492094C7A,1,1239700,0,0,1577817000000,Tier 2
524305,26DBAD492094C7A,3,4903600,0,0,1640975400000,Tier 2
524305,26DBAD492094C7A,1,480700,0,0,1638297000000,Tier 2
524305,26DBAD492094C7A,1,5738500,0,0,1609439400000,Tier 2
516289,26DBAE473D8909D,1,411700,0,0,1614537000000,Tier 3 & Others
516289,26DBAE473D8909D,1,604900,0,0,1617215400000,Tier 3 & Others
516289,26DBAE473D8909D,20,1426000,0,0,1656613800000,Tier 3 & Others
516289,26DBAE473D8909D,1,365700,0,0,1617215400000,Tier 3 & Others
516289,26DBAE473D8909D,1,11497700,0,0,1617215400000,Tier 3 & Others
516289,26DBAE473D8909D,20,1426000,0,0,1656613800000,Tier 3 & Others
522001,26DBAF4DF5B135E,0,0,4597700,1,1646073000000,Tier 2
522001,26DBAF4DF5B135E,1,289800,0,0,1646073000000,Tier 2
522001,26DBAF4DF5B135E,1,782000,0,0,1648751400000,Tier 2
522001,26DBAF4DF5B135E,1,779700,0,0,1643653800000,Tier 2
522001,26DBAF4DF5B135E,2,11035400,0,0,1643653800000,Tier 2
522001,26DBAF4DF5B135E,1,365700,0,0,1648751400000,Tier 2
522001,26DBAF4DF5B135E,0,0,0,0,1646073000000,Tier 2
522001,26DBAF4DF5B135E,1,618700,0,0,1643653800000,Tier 2
522001,26DBAF4DF5B135E,1,1101700,0,0,1646073000000,Tier 2
522001,26DBAF4DF5B135E,1,457700,0,0,1640975400000,Tier 2
522001,26DBAF4DF5B135E,1,1032700,0,0,1643653800000,Tier 2
522001,26DBAF4DF5B135E,11,1152300,0,0,1648751400000,Tier 2
522001,26DBAF4DF5B135E,0,0,1591600,1,1654021800000,Tier 2
522509,26DBAF4DF5B135E,1,1124700,0,0,1648751400000,Tier 2
522414,26DBAF4DF5B135E,0,0,0,0,1646073000000,Tier 3 & Others
522001,26DBAF4DF5B135E,4,1120100,0,0,1656613800000,Tier 2
522001,26DBAF4DF5B135E,2,1637600,0,0,1643653800000,Tier 2
522001,26DBAF4DF5B135E,14,1122400,0,0,1654021800000,Tier 2
522001,26DBAF4DF5B135E,1,457700,0,0,1640975400000,Tier 2
522001,26DBAF4DF5B135E,0,0,1090200,1,1654021800000,Tier 2
522001,26DBAF4DF5B135E,8,2336800,0,0,1651343400000,Tier 2
522414,26DBAF4DF5B135E,1,2325300,0,0,1646073000000,Tier 3 & Others
522001,26DBAF4DF5B135E,1,1101700,0,0,1646073000000,Tier 2
522001,26DBAF4DF5B135E,1,871700,687700,1,1640975400000,Tier 2
522001,26DBAF4DF5B135E,0,0,0,0,1643653800000,Tier 2
522001,26DBAF4DF5B135E,1,349600,0,0,1646073000000,Tier 2
522001,26DBAF4DF5B135E,0,0,0,0,1646073000000,Tier 2
522001,26DBAF4DF5B135E,1,1161500,0,0,1643653800000,Tier 2
522001,26DBAF4DF5B135E,1,1090200,0,0,1654021800000,Tier 2
522001,26DBAF4DF5B135E,2,17259200,0,0,1643653800000,Tier 2
522414,26DBAF4DF5B135E,0,0,779700,1,1640975400000,Tier 3 & Others
522001,26DBAF4DF5B135E,0,0,0,0,1638297000000,Tier 2
522001,26DBAF4DF5B135E,0,0,0,0,1646073000000,Tier 2
522509,26DBAF4DF5B135E,0,0,1156900,7,1648751400000,Tier 2
522001,26DBAF4DF5B135E,1,1032700,0,0,1643653800000,Tier 2
522001,26DBAF4DF5B135E,2,2076900,0,0,1643653800000,Tier 2
522001,26DBAF4DF5B135E,0,0,2624300,1,1654021800000,Tier 2
522001,26DBAF4DF5B135E,1,846400,0,0,1640975400000,Tier 2
533286,26DBB047B09C035,1,1782500,0,0,1648751400000,Tier 3 & Others
533286,26DBB047B09C035,1,1267300,0,0,1646073000000,Tier 3 & Others
533286,26DBB047B09C035,0,0,2047000,1,1648751400000,Tier 3 & Others
533286,26DBB047B09C035,1,986700,0,0,1654021800000,Tier 3 & Others
533286,26DBB047B09C035,1,1237400,0,0,1648751400000,Tier 3 & Others
533286,26DBB047B09C035,1,1044200,0,0,1633026600000,Tier 3 & Others
533286,26DBB047B09C035,1,678500,0,0,1614537000000,Tier 3 & Others
533286,26DBB047B09C035,1,1492700,0,0,1633026600000,Tier 3 & Others
533286,26DBB047B09C035,1,1375400,0,0,1633026600000,Tier 3 & Others
533286,26DBB047B09C035,1,1189100,0,0,1646073000000,Tier 3 & Others
110007,26DBB24050B1DC8,0,0,0,0,1622485800000,Metro
110007,26DBB24050B1DC8,0,0,719900,1,1656613800000,Metro
110007,26DBB24050B1DC8,1,503700,0,0,1646073000000,Metro
110007,26DBB24050B1DC8,0,0,671600,1,1656613800000,Metro
509349,26DBB24591B2FD4,1,1490400,0,0,1627756200000,Tier 3 & Others
509349,26DBB24591B2FD4,0,0,0,0,1630434600000,Tier 3 & Others
533105,26DBB24A35BEF0F,1,1239700,0,0,1593541800000,Tier 3 & Others
520001,26DBB34649B8F38,1,549700,0,0,1648751400000,Tier 1B
520001,26DBB34649B8F38,1,259900,0,0,1648751400000,Tier 1B
520001,26DBB34649B8F38,1,402500,0,0,1648751400000,Tier 1B
520001,26DBB34649B8F38,1,777400,0,0,1648751400000,Tier 1B
520001,26DBB34649B8F38,0,0,0,0,1648751400000,Tier 1B
520001,26DBB34649B8F38,1,710700,0,0,1648751400000,Tier 1B
110036,26DBB34F29867EC,1,1101700,0,0,1643653800000,Metro
122015,26DBB54A68B52C1,0,0,828000,1,1640975400000,Metro
518002,26DBB642DE9D531,1,1322500,0,0,1622485800000,Tier 3 & Others
518002,26DBB642DE9D531,1,802700,0,0,1622485800000,Tier 3 & Others
518002,26DBB642DE9D531,0,0,0,0,1569868200000,Tier 3 & Others
518002,26DBB642DE9D531,1,929200,0,0,1625077800000,Tier 3 & Others
518002,26DBB642DE9D531,1,4774800,0,0,1606761000000,Tier 3 & Others
518002,26DBB642DE9D531,1,1136200,0,0,1583001000000,Tier 3 & Others
518002,26DBB642DE9D531,1,1306400,0,0,1614537000000,Tier 3 & Others
518002,26DBB642DE9D531,0,0,0,0,1590949800000,Tier 3 & Others
518002,26DBB642DE9D531,1,2688700,0,0,1630434600000,Tier 3 & Others
518002,26DBB642DE9D531,1,1007400,0,0,1590949800000,Tier 3 & Others
518002,26DBB642DE9D531,1,1138500,0,0,1643653800000,Tier 3 & Others
518002,26DBB642DE9D531,1,710700,0,0,1590949800000,Tier 3 & Others
518002,26DBB642DE9D531,1,1552500,0,0,1590949800000,Tier 3 & Others
518002,26DBB642DE9D531,1,2987700,0,0,1590949800000,Tier 3 & Others
518002,26DBB642DE9D531,0,0,0,0,1656613800000,Tier 3 & Others
518002,26DBB642DE9D531,0,0,0,0,1633026600000,Tier 3 & Others
518002,26DBB642DE9D531,1,1193700,0,0,1596220200000,Tier 3 & Others
518002,26DBB642DE9D531,0,0,0,0,1633026600000,Tier 3 & Others
518002,26DBB642DE9D531,1,1849200,0,0,1625077800000,Tier 3 & Others
518002,26DBB642DE9D531,0,0,0,0,1606761000000,Tier 3 & Others
518002,26DBB642DE9D531,1,1941200,0,0,1633026600000,Tier 3 & Others
518002,26DBB642DE9D531,1,1955000,0,0,1598898600000,Tier 3 & Others
518002,26DBB642DE9D531,1,1097100,0,0,1596220200000,Tier 3 & Others
518002,26DBB642DE9D531,1,1688200,0,0,1640975400000,Tier 3 & Others
518002,26DBB642DE9D531,0,0,0,0,1596220200000,Tier 3 & Others
518002,26DBB642DE9D531,1,784300,0,0,1590949800000,Tier 3 & Others
518002,26DBB642DE9D531,1,2067700,0,0,1598898600000,Tier 3 & Others
518002,26DBB642DE9D531,0,0,0,0,1596220200000,Tier 3 & Others
518002,26DBB642DE9D531,0,0,0,0,1580495400000,Tier 3 & Others
518002,26DBB642DE9D531,1,7348500,0,0,1588271400000,Tier 3 & Others
518002,26DBB642DE9D531,1,595700,0,0,1604169000000,Tier 3 & Others
518002,26DBB642DE9D531,1,591100,0,0,1646073000000,Tier 3 & Others
518002,26DBB642DE9D531,1,1377700,0,0,1630434600000,Tier 3 & Others
518002,26DBB642DE9D531,0,0,0,0,1596220200000,Tier 3 & Others
518002,26DBB642DE9D531,1,20467700,0,0,1596220200000,Tier 3 & Others
518002,26DBB642DE9D531,1,917700,0,0,1643653800000,Tier 3 & Others
518002,26DBB642DE9D531,1,1331700,0,0,1633026600000,Tier 3 & Others
518002,26DBB642DE9D531,0,0,0,0,1590949800000,Tier 3 & Others
518002,26DBB642DE9D531,0,0,0,0,1577817000000,Tier 3 & Others
518002,26DBB642DE9D531,0,0,3197000,1,1646073000000,Tier 3 & Others
518002,26DBB642DE9D531,1,1833100,0,0,1635705000000,Tier 3 & Others
518002,26DBB642DE9D531,1,1690500,0,0,1598898600000,Tier 3 & Others
518002,26DBB642DE9D531,1,2668000,0,0,1622485800000,Tier 3 & Others
518002,26DBB642DE9D531,0,0,1154600,1,1656613800000,Tier 3 & Others
518002,26DBB642DE9D531,1,3102700,0,0,1627756200000,Tier 3 & Others
518002,26DBB642DE9D531,1,604900,0,0,1614537000000,Tier 3 & Others
518002,26DBB642DE9D531,1,763600,0,0,1633026600000,Tier 3 & Others
518002,26DBB642DE9D531,1,1012000,0,0,1633026600000,Tier 3 & Others
518002,26DBB642DE9D531,1,1262700,0,0,1640975400000,Tier 3 & Others
518002,26DBB642DE9D531,0,0,0,0,1604169000000,Tier 3 & Others
518002,26DBB642DE9D531,1,2067700,0,0,1575138600000,Tier 3 & Others
518002,26DBB642DE9D531,1,839500,0,0,1590949800000,Tier 3 & Others
518002,26DBB642DE9D531,1,453100,0,0,1651343400000,Tier 3 & Others
518002,26DBB642DE9D531,1,462300,0,0,1590949800000,Tier 3 & Others
518002,26DBB642DE9D531,1,3447700,0,0,1619807400000,Tier 3 & Others
518002,26DBB642DE9D531,1,2569100,0,0,1598898600000,Tier 3 & Others
518002,26DBB642DE9D531,1,1248900,0,0,1596220200000,Tier 3 & Others
518002,26DBB642DE9D531,1,848700,0,0,1580495400000,Tier 3 & Others
518002,26DBB642DE9D531,0,0,0,0,1583001000000,Tier 3 & Others
518002,26DBB642DE9D531,1,676200,0,0,1635705000000,Tier 3 & Others
518002,26DBB642DE9D531,1,917700,0,0,1598898600000,Tier 3 & Others
518002,26DBB642DE9D531,1,1071800,0,0,1598898600000,Tier 3 & Others
518002,26DBB642DE9D531,0,0,0,0,1596220200000,Tier 3 & Others
518002,26DBB642DE9D531,0,0,0,0,1572546600000,Tier 3 & Others
518002,26DBB642DE9D531,1,1228200,0,0,1638297000000,Tier 3 & Others
518002,26DBB642DE9D531,0,0,0,0,1596220200000,Tier 3 & Others
518002,26DBB642DE9D531,1,2173500,0,0,1596220200000,Tier 3 & Others
518002,26DBB642DE9D531,1,1037300,0,0,1577817000000,Tier 3 & Others
518002,26DBB642DE9D531,0,0,0,0,1577817000000,Tier 3 & Others
518002,26DBB642DE9D531,1,851000,0,0,1617215400000,Tier 3 & Others
518002,26DBB642DE9D531,1,1561700,0,0,1604169000000,Tier 3 & Others
518002,26DBB642DE9D531,1,1462800,0,0,1617215400000,Tier 3 & Others
518002,26DBB642DE9D531,1,1308700,0,0,1604169000000,Tier 3 & Others
518002,26DBB642DE9D531,0,0,0,0,1596220200000,Tier 3 & Others
518002,26DBB642DE9D531,0,0,0,0,1601490600000,Tier 3 & Others
518002,26DBB642DE9D531,1,2072300,0,0,1604169000000,Tier 3 & Others
518002,26DBB642DE9D531,1,1106300,0,0,1590949800000,Tier 3 & Others
518002,26DBB642DE9D531,1,1377700,0,0,1590949800000,Tier 3 & Others
518002,26DBB642DE9D531,0,0,0,0,1596220200000,Tier 3 & Others
518002,26DBB642DE9D531,3,3075100,0,0,1646073000000,Tier 3 & Others
518002,26DBB642DE9D531,1,464600,0,0,1598898600000,Tier 3 & Others
518002,26DBB642DE9D531,1,1060300,0,0,1625077800000,Tier 3 & Others
518002,26DBB642DE9D531,1,1550200,0,0,1604169000000,Tier 3 & Others
518002,26DBB642DE9D531,1,5632700,0,0,1601490600000,Tier 3 & Others
518002,26DBB642DE9D531,1,717600,0,0,1593541800000,Tier 3 & Others
518002,26DBB642DE9D531,0,0,0,0,1638297000000,Tier 3 & Others
518002,26DBB642DE9D531,0,0,0,0,1569868200000,Tier 3 & Others
518002,26DBB642DE9D531,0,0,0,0,1580495400000,Tier 3 & Others
518002,26DBB642DE9D531,1,876300,0,0,1577817000000,Tier 3 & Others
518002,26DBB642DE9D531,1,3677700,0,0,1572546600000,Tier 3 & Others
518002,26DBB642DE9D531,0,0,0,0,1601490600000,Tier 3 & Others
518002,26DBB642DE9D531,1,1610000,0,0,1604169000000,Tier 3 & Others
518002,26DBB642DE9D531,1,2642700,0,0,1654021800000,Tier 3 & Others
530026,26DBB7444592396,0,0,0,0,1630434600000,Tier 1B
530026,26DBB7444592396,0,0,0,0,1630434600000,Tier 1B
530026,26DBB7444592396,0,0,0,0,1630434600000,Tier 1B
530026,26DBB7444592396,0,0,0,0,1630434600000,Tier 1B
524319,26DBB94ED38D4F1,0,0,1168400,1,1654021800000,Tier 2
524319,26DBB94ED38D4F1,0,0,687700,1,1656613800000,Tier 2
122017,26DBBC458187C61,0,0,287500,1,1643653800000,Metro
122017,26DBBC458187C61,0,0,871700,1,1654021800000,Metro
122017,26DBBC458187C61,0,0,0,0,1635705000000,Metro
122017,26DBBC458187C61,0,0,0,0,1635705000000,Metro
122017,26DBBC458187C61,1,441600,0,0,1640975400000,Metro
122017,26DBBC458187C61,1,489900,0,0,1638297000000,Metro
122017,26DBBC458187C61,0,0,871700,1,1654021800000,Metro
122017,26DBBC458187C61,1,414000,0,0,1648751400000,Metro
122017,26DBBC458187C61,1,1644500,480700,1,1648751400000,Metro
122017,26DBBC458187C61,1,480700,0,0,1638297000000,Metro
122017,26DBBC458187C61,0,0,561200,1,1643653800000,Metro
122017,26DBBC458187C61,0,0,0,0,1654021800000,Metro
122017,26DBBC458187C61,1,1239700,0,0,1638297000000,Metro
122017,26DBBC458187C61,0,0,1097100,1,1646073000000,Metro
122017,26DBBC458187C61,1,687700,0,0,1633026600000,Metro
122017,26DBBC458187C61,0,0,0,0,1648751400000,Metro
122017,26DBBC458187C61,1,457700,0,0,1635705000000,Metro
122017,26DBBC458187C61,1,871700,0,0,1656613800000,Metro
122017,26DBBC458187C61,1,1340900,0,0,1646073000000,Metro
122017,26DBBC458187C61,1,365700,0,0,1654021800000,Metro
122017,26DBBC458187C61,0,0,1216700,1,1640975400000,Metro
122017,26DBBC458187C61,0,0,0,0,1640975400000,Metro
122017,26DBBC458187C61,1,779700,0,0,1635705000000,Metro
122017,26DBBC458187C61,0,0,0,0,1643653800000,Metro
122017,26DBBC458187C61,0,0,0,0,1643653800000,Metro
122017,26DBBC458187C61,1,1147700,0,0,1635705000000,Metro
122017,26DBBC458187C61,0,0,347300,1,1654021800000,Metro
122017,26DBBC458187C61,1,292100,0,0,1648751400000,Metro
122017,26DBBC458187C61,0,0,0,0,1656613800000,Metro
122017,26DBBC458187C61,0,0,897000,1,1648751400000,Metro
122017,26DBBC458187C61,1,671600,0,0,1638297000000,Metro
122017,26DBBC458187C61,1,540500,0,0,1643653800000,Metro
122017,26DBBC458187C61,1,805000,0,0,1648751400000,Metro
122017,26DBBC458187C61,0,0,763600,1,1654021800000,Metro
122017,26DBBC458187C61,0,0,0,0,1643653800000,Metro
122017,26DBBC458187C61,1,607200,0,0,1635705000000,Metro
122017,26DBBC458187C61,1,1150000,0,0,1648751400000,Metro
122017,26DBBC458187C61,1,1009700,0,0,1648751400000,Metro
110049,26DBC04225BFA80,1,1603100,0,0,1572546600000,Metro
110049,26DBC04225BFA80,2,920000,0,0,1572546600000,Metro
110049,26DBC04225BFA80,1,621000,0,0,1572546600000,Metro
533401,26DBC245179D7A8,1,2063100,0,0,1640975400000,Tier 3 & Others
533401,26DBC245179D7A8,0,0,0,0,1609439400000,Tier 3 & Others
110007,26DBC344BE8DF2F,0,0,0,0,1575138600000,Metro
534211,26DBC44C7DAD209,0,0,0,0,1575138600000,Tier 3 & Others
534211,26DBC44C7DAD209,0,0,0,0,1598898600000,Tier 3 & Others
534211,26DBC44C7DAD209,0,0,0,0,1577817000000,Tier 3 & Others
534211,26DBC44C7DAD209,0,0,0,0,1614537000000,Tier 3 & Others
534211,26DBC44C7DAD209,0,0,0,0,1614537000000,Tier 3 & Others
534211,26DBC44C7DAD209,0,0,0,0,1577817000000,Tier 3 & Others
534211,26DBC44C7DAD209,0,0,0,0,1575138600000,Tier 3 & Others
534211,26DBC44C7DAD209,1,1605400,0,0,1596220200000,Tier 3 & Others
531173,26DBC6414F89A1C,1,135700,0,0,1638297000000,Tier 1B
531173,26DBC6414F89A1C,0,0,0,0,1630434600000,Tier 1B
531173,26DBC6414F89A1C,2,862500,0,0,1638297000000,Tier 1B
534101,26DBC84D38BBC03,1,733700,0,0,1633026600000,Tier 3 & Others
534101,26DBC84D38BBC03,1,1446700,0,0,1654021800000,Tier 3 & Others
534101,26DBC84D38BBC03,0,0,0,0,1654021800000,Tier 3 & Others
534101,26DBC84D38BBC03,0,0,0,0,1654021800000,Tier 3 & Others
534101,26DBC84D38BBC03,0,0,0,0,1633026600000,Tier 3 & Others
534101,26DBC84D38BBC03,1,1147700,0,0,1646073000000,Tier 3 & Others
110047,26DBCB4E28829E9,1,1669800,0,0,1625077800000,Metro
110047,26DBCB4E28829E9,0,0,0,0,1617215400000,Metro
110047,26DBCB4E28829E9,1,1202900,0,0,1627756200000,Metro
110047,26DBCB4E28829E9,1,779700,0,0,1601490600000,Metro
110047,26DBCB4E28829E9,1,933800,0,0,1617215400000,Metro
110047,26DBCB4E28829E9,1,1515700,0,0,1627756200000,Metro
110047,26DBCB4E28829E9,1,747500,0,0,1619807400000,Metro
110006,26DBCD43A9877D1,1,552000,0,0,1609439400000,Metro
110006,26DBCD43A9877D1,1,795800,0,0,1604169000000,Metro
517102,26DBCD4760B8C3F,1,526700,0,0,1601490600000,Tier 3 & Others
517102,26DBCD4760B8C3F,1,3680000,0,0,1601490600000,Tier 3 & Others
517102,26DBCD4760B8C3F,1,6897700,0,0,1604169000000,Tier 3 & Others
517507,26DBCD4760B8C3F,0,0,0,0,1606761000000,Tier 3 & Others
517102,26DBCD4760B8C3F,1,1219000,0,0,1604169000000,Tier 3 & Others
517507,26DBCD4760B8C3F,1,660100,0,0,1606761000000,Tier 3 & Others
517102,26DBCD4760B8C3F,1,1216700,0,0,1633026600000,Tier 3 & Others
517102,26DBCD4760B8C3F,1,414000,0,0,1593541800000,Tier 3 & Others
517102,26DBCD4760B8C3F,0,0,0,0,1593541800000,Tier 3 & Others
110042,26DBCD49AEB2041,1,1009700,0,0,1590949800000,Metro
110010,26DBCD4DDDA4BFB,0,0,0,0,1590949800000,Metro
110010,26DBCD4DDDA4BFB,1,3677700,0,0,1590949800000,Metro
110010,26DBCD4DDDA4BFB,1,2838200,0,0,1588271400000,Metro
110032,26DBCE417AAD913,1,446200,0,0,1569868200000,Metro
509381,26DBCF417A8A80E,1,1943500,0,0,1598898600000,Tier 3 & Others
110042,26DBD14C5FAEB06,1,1561700,0,0,1606761000000,Metro
110042,26DBD14C5FAEB06,0,0,0,0,1627756200000,Metro
110042,26DBD14C5FAEB06,1,370300,0,0,1577817000000,Metro
110042,26DBD14C5FAEB06,0,0,0,0,1627756200000,Metro
110042,26DBD14C5FAEB06,1,3367200,0,0,1643653800000,Metro
110042,26DBD14C5FAEB06,1,759000,0,0,1572546600000,Metro
110042,26DBD14C5FAEB06,1,1538700,0,0,1575138600000,Metro
110042,26DBD14C5FAEB06,1,860200,0,0,1609439400000,Metro
110042,26DBD14C5FAEB06,1,1037300,0,0,1590949800000,Metro
110042,26DBD14C5FAEB06,0,0,0,0,1601490600000,Metro
110042,26DBD14C5FAEB06,1,4137700,0,0,1633026600000,Metro
110042,26DBD14C5FAEB06,0,0,0,0,1588271400000,Metro
110042,26DBD14C5FAEB06,2,1375400,0,0,1635705000000,Metro
110042,26DBD14C5FAEB06,1,3275200,0,0,1627756200000,Metro
110042,26DBD14C5FAEB06,1,381800,0,0,1643653800000,Metro
518360,26DBD2497CB99C5,1,1067200,0,0,1612117800000,Tier 3 & Others
518360,26DBD2497CB99C5,0,0,0,0,1612117800000,Tier 3 & Others
518350,26DBD2497CB99C5,1,1462800,0,0,1609439400000,Tier 3 & Others
533343,26DBD24A3592DF9,0,0,0,0,1646073000000,Tier 3 & Others
533343,26DBD24A3592DF9,1,687700,0,0,1606761000000,Tier 3 & Others
533428,26DBD24A3592DF9,0,0,0,0,1635705000000,Tier 3 & Others
533428,26DBD24A3592DF9,0,0,0,0,1654021800000,Tier 3 & Others
533343,26DBD24A3592DF9,0,0,0,0,1572546600000,Tier 3 & Others
533428,26DBD24A3592DF9,0,0,0,0,1654021800000,Tier 3 & Others
533428,26DBD24A3592DF9,0,0,0,0,1635705000000,Tier 3 & Others
533428,26DBD24A3592DF9,1,581900,0,0,1635705000000,Tier 3 & Others
533428,26DBD24A3592DF9,0,0,0,0,1654021800000,Tier 3 & Others
533343,26DBD24A3592DF9,0,0,0,0,1572546600000,Tier 3 & Others
533428,26DBD24A3592DF9,1,641700,0,0,1638297000000,Tier 3 & Others
533343,26DBD24A3592DF9,0,0,0,0,1656613800000,Tier 3 & Others
533343,26DBD24A3592DF9,0,0,0,0,1656613800000,Tier 3 & Others
533428,26DBD24A3592DF9,1,87234400,0,0,1654021800000,Tier 3 & Others
533428,26DBD24A3592DF9,0,0,0,0,1651343400000,Tier 3 & Others
533428,26DBD24A3592DF9,0,0,1242000,1,1654021800000,Tier 3 & Others
533428,26DBD24A3592DF9,1,4597700,0,0,1651343400000,Tier 3 & Others
533428,26DBD24A3592DF9,1,27597700,0,0,1651343400000,Tier 3 & Others
533428,26DBD24A3592DF9,0,0,0,0,1651343400000,Tier 3 & Others
533343,26DBD24A3592DF9,2,1014300,0,0,1569868200000,Tier 3 & Others
533343,26DBD24A3592DF9,1,24147700,0,0,1606761000000,Tier 3 & Others
533343,26DBD24A3592DF9,1,2074600,0,0,1606761000000,Tier 3 & Others
533428,26DBD24A3592DF9,1,7127700,0,0,1654021800000,Tier 3 & Others
533428,26DBD24A3592DF9,1,26588000,0,0,1646073000000,Tier 3 & Others
533428,26DBD24A3592DF9,0,0,0,0,1654021800000,Tier 3 & Others
533343,26DBD24A3592DF9,0,0,0,0,1646073000000,Tier 3 & Others
533428,26DBD24A3592DF9,1,503700,0,0,1635705000000,Tier 3 & Others
533343,26DBD24A3592DF9,0,0,28747700,1,1646073000000,Tier 3 & Others
533343,26DBD24A3592DF9,0,0,0,0,1646073000000,Tier 3 & Others
533428,26DBD24A3592DF9,0,0,0,0,1656613800000,Tier 3 & Others
533428,26DBD24A3592DF9,1,29734400,0,0,1654021800000,Tier 3 & Others
533428,26DBD24A3592DF9,1,21265800,0,0,1654021800000,Tier 3 & Others
533428,26DBD24A3592DF9,0,0,0,0,1643653800000,Tier 3 & Others
533428,26DBD24A3592DF9,0,0,0,0,1654021800000,Tier 3 & Others
533428,26DBD24A3592DF9,1,36777000,0,0,1651343400000,Tier 3 & Others
533428,26DBD24A3592DF9,0,0,36287100,1,1656613800000,Tier 3 & Others
533428,26DBD24A3592DF9,1,6667700,0,0,1654021800000,Tier 3 & Others
533343,26DBD24A3592DF9,1,32448400,0,0,1604169000000,Tier 3 & Others
533428,26DBD24A3592DF9,1,639400,0,0,1651343400000,Tier 3 & Others
533428,26DBD24A3592DF9,0,0,0,0,1635705000000,Tier 3 & Others
533428,26DBD24A3592DF9,1,26447700,0,0,1635705000000,Tier 3 & Others
533428,26DBD24A3592DF9,0,0,0,0,1635705000000,Tier 3 & Others
533343,26DBD24A3592DF9,0,0,0,0,1638297000000,Tier 3 & Others
533428,26DBD24A3592DF9,1,34564400,0,0,1651343400000,Tier 3 & Others
533428,26DBD24A3592DF9,0,0,0,0,1654021800000,Tier 3 & Others
533428,26DBD24A3592DF9,0,0,0,0,1654021800000,Tier 3 & Others
533428,26DBD24A3592DF9,0,0,4597700,1,1651343400000,Tier 3 & Others
533428,26DBD24A3592DF9,0,0,0,0,1654021800000,Tier 3 & Others
533428,26DBD24A3592DF9,0,0,0,0,1609439400000,Tier 3 & Others
533428,26DBD24A3592DF9,1,4597700,0,0,1651343400000,Tier 3 & Others
533428,26DBD24A3592DF9,1,39097700,0,0,1635705000000,Tier 3 & Others
533428,26DBD24A3592DF9,1,568100,0,0,1635705000000,Tier 3 & Others
533343,26DBD24A3592DF9,0,0,0,0,1646073000000,Tier 3 & Others
533343,26DBD24A3592DF9,0,0,0,0,1646073000000,Tier 3 & Others
533428,26DBD24A3592DF9,0,0,0,0,1635705000000,Tier 3 & Others
533343,26DBD24A3592DF9,1,51747700,0,0,1638297000000,Tier 3 & Others
533428,26DBD24A3592DF9,1,2074600,0,0,1654021800000,Tier 3 & Others
533428,26DBD24A3592DF9,0,0,0,0,1635705000000,Tier 3 & Others
533428,26DBD24A3592DF9,0,0,0,0,1635705000000,Tier 3 & Others
533343,26DBD24A3592DF9,0,0,0,0,1635705000000,Tier 3 & Others
533428,26DBD24A3592DF9,0,0,25297700,1,1643653800000,Tier 3 & Others
533343,26DBD24A3592DF9,0,0,0,0,1604169000000,Tier 3 & Others
110029,26DBD24C709B94E,1,618700,0,0,1572546600000,Metro
534341,26DBD449E98745F,0,0,0,0,1569868200000,Tier 3 & Others
534341,26DBD449E98745F,1,1168400,0,0,1567276200000,Tier 3 & Others
534341,26DBD449E98745F,0,0,0,0,1569868200000,Tier 3 & Others
522202,26DBD44A4093A61,1,4597700,0,0,1648751400000,Tier 3 & Others
522202,26DBD44A4093A61,0,0,871700,1,1648751400000,Tier 3 & Others
522313,26DBD44A4093A61,0,0,0,0,1635705000000,Tier 2
534001,26DBD5400EAB4F8,1,660100,0,0,1580495400000,Tier 3 & Others
534001,26DBD5400EAB4F8,0,0,0,0,1580495400000,Tier 3 & Others
534001,26DBD5400EAB4F8,0,0,0,0,1580495400000,Tier 3 & Others
518501,26DBD54275BDBD0,1,503700,0,0,1630434600000,Tier 3 & Others
518501,26DBD54275BDBD0,1,342700,0,0,1619807400000,Tier 3 & Others
122107,26DBD641989B47E,0,0,0,0,1635705000000,Tier 3 & Others
122107,26DBD641989B47E,0,0,0,0,1598898600000,Tier 3 & Others
122107,26DBD641989B47E,0,0,0,0,1635705000000,Tier 3 & Others
110044,26DBD6470D9E42A,0,0,0,0,1654021800000,Metro
110044,26DBD6470D9E42A,1,752100,0,0,1654021800000,Metro
110045,26DBD6470D9E42A,1,25297700,0,0,1583001000000,Metro
522324,26DBD7439BB3ECD,1,609500,0,0,1651343400000,Tier 2
522301,26DBD7439BB3ECD,1,745200,0,0,1601490600000,Tier 2
522301,26DBD7439BB3ECD,0,0,0,0,1604169000000,Tier 2
522301,26DBD7439BB3ECD,1,853300,0,0,1596220200000,Tier 2
522324,26DBD7439BB3ECD,0,0,1099400,1,1640975400000,Tier 2
522301,26DBD7439BB3ECD,0,0,0,0,1604169000000,Tier 2
522324,26DBD7439BB3ECD,1,648600,0,0,1583001000000,Tier 2
522301,26DBD7439BB3ECD,0,0,0,0,1614537000000,Tier 2
522301,26DBD7439BB3ECD,1,6207700,0,0,1601490600000,Tier 2
522301,26DBD7439BB3ECD,1,710700,0,0,1596220200000,Tier 2
522301,26DBD7439BB3ECD,0,0,0,0,1598898600000,Tier 2
522301,26DBD7439BB3ECD,0,0,0,0,1606761000000,Tier 2
522301,26DBD7439BB3ECD,1,809600,0,0,1596220200000,Tier 2
522324,26DBD7439BB3ECD,1,717600,0,0,1648751400000,Tier 2
522301,26DBD7439BB3ECD,0,0,0,0,1598898600000,Tier 2
522324,26DBD7439BB3ECD,1,388700,0,0,1648751400000,Tier 2
522301,26DBD7439BB3ECD,0,0,0,0,1614537000000,Tier 2
522324,26DBD7439BB3ECD,0,0,0,0,1590949800000,Tier 2
522301,26DBD7439BB3ECD,0,0,0,0,1598898600000,Tier 2
522324,26DBD7439BB3ECD,0,0,1147700,1,1651343400000,Tier 2
522324,26DBD7439BB3ECD,1,917700,0,0,1583001000000,Tier 2
522301,26DBD7439BB3ECD,0,0,0,0,1598898600000,Tier 2
522324,26DBD7439BB3ECD,1,437000,0,0,1640975400000,Tier 2
522324,26DBD7439BB3ECD,0,0,1159200,1,1648751400000,Tier 2
522301,26DBD7439BB3ECD,0,0,0,0,1604169000000,Tier 2
522301,26DBD7439BB3ECD,1,568100,0,0,1596220200000,Tier 2
522324,26DBD7439BB3ECD,0,0,952200,1,1648751400000,Tier 2
522324,26DBD7439BB3ECD,0,0,3125700,1,1648751400000,Tier 2
522324,26DBD7439BB3ECD,0,0,0,0,1593541800000,Tier 2
522324,26DBD7439BB3ECD,1,462300,0,0,1654021800000,Tier 2
522301,26DBD7439BB3ECD,0,0,0,0,1612117800000,Tier 2
522324,26DBD7439BB3ECD,1,653200,0,0,1651343400000,Tier 2
516150,26DBD843B8BC529,1,1377700,0,0,1604169000000,Tier 3 & Others
516002,26DBD843B8BC529,0,0,0,0,1606761000000,Tier 3 & Others
110044,26DBD849488FFC4,0,0,802700,1,1654021800000,Metro
517501,26DBDA431DB7115,1,627900,0,0,1609439400000,Tier 3 & Others
517501,26DBDA431DB7115,1,963700,0,0,1609439400000,Tier 3 & Others
517501,26DBDA431DB7115,1,1377700,0,0,1598898600000,Tier 3 & Others
517501,26DBDA431DB7115,1,733700,0,0,1598898600000,Tier 3 & Others
517501,26DBDA431DB7115,0,0,0,0,1598898600000,Tier 3 & Others
517501,26DBDA431DB7115,1,1308700,0,0,1598898600000,Tier 3 & Others
520015,26DBDB4DD0A5FD8,1,1060300,0,0,1633026600000,Tier 1B
520015,26DBDB4DD0A5FD8,1,811900,0,0,1640975400000,Tier 1B
520015,26DBDB4DD0A5FD8,0,0,0,0,1633026600000,Tier 1B
520015,26DBDB4DD0A5FD8,1,1012000,0,0,1633026600000,Tier 1B
520015,26DBDB4DD0A5FD8,1,535900,0,0,1633026600000,Tier 1B
520015,26DBDB4DD0A5FD8,0,0,0,0,1633026600000,Tier 1B
110010,26DBDC49848C2C1,1,1030400,0,0,1656613800000,Metro
110010,26DBDC49848C2C1,1,586500,0,0,1633026600000,Metro
533342,26DBDC4F149B512,2,1375400,0,0,1630434600000,Tier 3 & Others
533342,26DBDC4F149B512,3,3045200,0,0,1640975400000,Tier 3 & Others
533342,26DBDC4F149B512,1,71300,0,0,1643653800000,Tier 3 & Others
533342,26DBDC4F149B512,2,1959600,0,0,1648751400000,Tier 3 & Others
533342,26DBDC4F149B512,0,0,3215400,2,1648751400000,Tier 3 & Others
533342,26DBDC4F149B512,1,687700,0,0,1596220200000,Tier 3 & Others
533342,26DBDC4F149B512,1,979800,0,0,1633026600000,Tier 3 & Others
524323,26DBDE4CD28E3AE,0,0,0,0,1627756200000,Tier 2
518502,26DBDF4C6B9B118,1,28747700,0,0,1596220200000,Tier 3 & Others
518502,26DBDF4C6B9B118,0,0,0,0,1596220200000,Tier 3 & Others